  Determining projects to restore...
  All projects are up-to-date for restore.
C:\Program Files\dotnet\sdk\10.0.100-rc.1.25451.107\Sdks\Microsoft.NET.Sdk\targets\Microsoft.NET.RuntimeIdentifierInference.targets(345,5): message NETSDK1057: You are using a preview version of .NET. See: https://aka.ms/dotnet-support-policy [c:\work\BrightSword\BrightSword.SwissKnife.Tests\BrightSword.SwissKnife.Tests.csproj]
C:\Program Files\dotnet\sdk\10.0.100-rc.1.25451.107\Sdks\Microsoft.NET.Sdk\targets\Microsoft.NET.RuntimeIdentifierInference.targets(345,5): message NETSDK1057: You are using a preview version of .NET. See: https://aka.ms/dotnet-support-policy [c:\work\BrightSword\BrightSword.Feber.Tests\BrightSword.Feber.Tests.csproj]
C:\Program Files\dotnet\sdk\10.0.100-rc.1.25451.107\Sdks\Microsoft.NET.Sdk\targets\Microsoft.NET.RuntimeIdentifierInference.targets(345,5): message NETSDK1057: You are using a preview version of .NET. See: https://aka.ms/dotnet-support-policy [c:\work\BrightSword\BrightSword.Squid.Tests\BrightSword.Squid.Tests.csproj]
C:\Program Files\dotnet\sdk\10.0.100-rc.1.25451.107\Sdks\Microsoft.NET.Sdk\targets\Microsoft.NET.RuntimeIdentifierInference.targets(345,5): message NETSDK1057: You are using a preview version of .NET. See: https://aka.ms/dotnet-support-policy [c:\work\BrightSword\BrightSword.SwissKnife\BrightSword.SwissKnife.csproj]
C:\Program Files\dotnet\sdk\10.0.100-rc.1.25451.107\Sdks\Microsoft.NET.Sdk\targets\Microsoft.NET.RuntimeIdentifierInference.targets(345,5): message NETSDK1057: You are using a preview version of .NET. See: https://aka.ms/dotnet-support-policy [c:\work\BrightSword\BrightSword.Feber\BrightSword.Feber.csproj]
C:\Program Files\dotnet\sdk\10.0.100-rc.1.25451.107\Sdks\Microsoft.NET.Sdk\targets\Microsoft.NET.RuntimeIdentifierInference.targets(345,5): message NETSDK1057: You are using a preview version of .NET. See: https://aka.ms/dotnet-support-policy [c:\work\BrightSword\BrightSword.Squid\BrightSword.Squid.csproj]
  BrightSword.SwissKnife -> c:\work\BrightSword\BrightSword.SwissKnife\bin\Debug\net10.0\BrightSword.SwissKnife.dll
  BrightSword.Feber -> c:\work\BrightSword\BrightSword.Feber\bin\Debug\net10.0\BrightSword.Feber.dll
  BrightSword.SwissKnife.Tests -> c:\work\BrightSword\BrightSword.SwissKnife.Tests\bin\Debug\net10.0\BrightSword.SwissKnife.Tests.dll
Test run for c:\work\BrightSword\BrightSword.SwissKnife.Tests\bin\Debug\net10.0\BrightSword.SwissKnife.Tests.dll (.NETCoreApp,Version=v10.0)
  BrightSword.Squid -> c:\work\BrightSword\BrightSword.Squid\bin\Debug\net10.0\BrightSword.Squid.dll
  BrightSword.Feber.Tests -> c:\work\BrightSword\BrightSword.Feber.Tests\bin\Debug\net10.0\BrightSword.Feber.Tests.dll
Test run for c:\work\BrightSword\BrightSword.Feber.Tests\bin\Debug\net10.0\BrightSword.Feber.Tests.dll (.NETCoreApp,Version=v10.0)
A total of 1 test files matched the specified pattern.
  BrightSword.Crucible -> c:\work\BrightSword\BrightSword.Crucible\bin\Debug\net10.0\BrightSword.Crucible.dll
A total of 1 test files matched the specified pattern.
  BrightSword.Squid.Tests -> c:\work\BrightSword\BrightSword.Squid.Tests\bin\Debug\net10.0\BrightSword.Squid.Tests.dll
Test run for c:\work\BrightSword\BrightSword.Squid.Tests\bin\Debug\net10.0\BrightSword.Squid.Tests.dll (.NETCoreApp,Version=v10.0)
A total of 1 test files matched the specified pattern.

Passed!  - Failed:     0, Passed:    47, Skipped:     0, Total:    47, Duration: 396 ms - BrightSword.SwissKnife.Tests.dll (net10.0)

Passed!  - Failed:     0, Passed:    15, Skipped:     0, Total:    15, Duration: 448 ms - BrightSword.Feber.Tests.dll (net10.0)

Passed!  - Failed:     0, Passed:    76, Skipped:     0, Total:    76, Duration: 2 s - BrightSword.Squid.Tests.dll (net10.0)
